resetting fbufp
canary should be GOOD
canary = GOOD
