opcode = 1
req: IQuery class 1 type 1
BUFFER OVERFLOW DETECTED!
