Calling create_msg:
Calling dn_comp..
uncomp_size = 11
comp_size = 13
exp_dn = lcs.mit.edu, comp_dn = lcsmitedu
Calling dn_comp..
uncomp_size = 15
comp_size = 17
exp_dn2 = sls.lcs.mit.edu, comp_dn2 = slslcsmitedu
msglen = 68
Calling rrextract!
Trying to do dn_expand..
msg = HEADER JUNK:lcsmitedu, msglen = 68, rrp = lcsmitedu, namelen = 100
First dn_expand returned n = 13
type = 30
ttl = 255
msglen - len - 12 = 21, dlen = 16
bounds check succeeded
rrextract: dname lcs.mit.edu type 30 class 255 ttl 255
Inside NXT block!
dn_expand returned n = 17
Compressed name = slslcsmitedu, Expanded name = sls.lcs.mit.edu
n=17 >= dlen = 16
dlen is FAKE!!
rrextract returned -1
