buf-obuf=80
obp-obuf=0
canary-obuf=64
2: outfile - ooutfile = 0  <?  MAXLINE=50
2: outfile - ooutfile = 1  <?  MAXLINE=50
2: outfile - ooutfile = 2  <?  MAXLINE=50
2: outfile - ooutfile = 3  <?  MAXLINE=50
2: outfile - ooutfile = 4  <?  MAXLINE=50
2: outfile - ooutfile = 5  <?  MAXLINE=50
2: outfile - ooutfile = 6  <?  MAXLINE=50
2: outfile - ooutfile = 7  <?  MAXLINE=50
2: outfile - ooutfile = 8  <?  MAXLINE=50
2: outfile - ooutfile = 9  <?  MAXLINE=50
2: outfile - ooutfile = 10  <?  MAXLINE=50
2: outfile - ooutfile = 11  <?  MAXLINE=50
2: outfile - ooutfile = 12  <?  MAXLINE=50
2: outfile - ooutfile = 13  <?  MAXLINE=50
2: outfile - ooutfile = 14  <?  MAXLINE=50
2: outfile - ooutfile = 15  <?  MAXLINE=50
2: outfile - ooutfile = 16  <?  MAXLINE=50
2: outfile - ooutfile = 17  <?  MAXLINE=50
2: outfile - ooutfile = 18  <?  MAXLINE=50
2: outfile - ooutfile = 19  <?  MAXLINE=50
2: outfile - ooutfile = 20  <?  MAXLINE=50
2: outfile - ooutfile = 21  <?  MAXLINE=50
2: outfile - ooutfile = 22  <?  MAXLINE=50
2: outfile - ooutfile = 23  <?  MAXLINE=50
2: outfile - ooutfile = 24  <?  MAXLINE=50
2: outfile - ooutfile = 25  <?  MAXLINE=50
2: outfile - ooutfile = 26  <?  MAXLINE=50
2: outfile - ooutfile = 27  <?  MAXLINE=50
2: outfile - ooutfile = 28  <?  MAXLINE=50
2: outfile - ooutfile = 29  <?  MAXLINE=50
2: outfile - ooutfile = 30  <?  MAXLINE=50
2: outfile - ooutfile = 31  <?  MAXLINE=50
2: outfile - ooutfile = 32  <?  MAXLINE=50
2: outfile - ooutfile = 33  <?  MAXLINE=50
2: outfile - ooutfile = 34  <?  MAXLINE=50
2: outfile - ooutfile = 35  <?  MAXLINE=50
2: outfile - ooutfile = 36  <?  MAXLINE=50
2: outfile - ooutfile = 37  <?  MAXLINE=50
2: outfile - ooutfile = 38  <?  MAXLINE=50
2: outfile - ooutfile = 39  <?  MAXLINE=50
2: outfile - ooutfile = 40  <?  MAXLINE=50
2: outfile - ooutfile = 41  <?  MAXLINE=50
2: outfile - ooutfile = 42  <?  MAXLINE=50
2: outfile - ooutfile = 43  <?  MAXLINE=50
2: outfile - ooutfile = 44  <?  MAXLINE=50
2: outfile - ooutfile = 45  <?  MAXLINE=50
2: outfile - ooutfile = 46  <?  MAXLINE=50
2: outfile - ooutfile = 47  <?  MAXLINE=50
2: outfile - ooutfile = 48  <?  MAXLINE=50
3: outfile - ooutfile = 49  <?  MAXLINE=50
canary = GOOD
buf-obuf=80
obp-obuf=0
canary-obuf=64
2: outfile - ooutfile = 0  <?  MAXLINE=50
2: outfile - ooutfile = 1  <?  MAXLINE=50
2: outfile - ooutfile = 2  <?  MAXLINE=50
2: outfile - ooutfile = 3  <?  MAXLINE=50
2: outfile - ooutfile = 4  <?  MAXLINE=50
2: outfile - ooutfile = 5  <?  MAXLINE=50
2: outfile - ooutfile = 6  <?  MAXLINE=50
2: outfile - ooutfile = 7  <?  MAXLINE=50
2: outfile - ooutfile = 8  <?  MAXLINE=50
2: outfile - ooutfile = 9  <?  MAXLINE=50
2: outfile - ooutfile = 10  <?  MAXLINE=50
2: outfile - ooutfile = 11  <?  MAXLINE=50
2: outfile - ooutfile = 12  <?  MAXLINE=50
2: outfile - ooutfile = 13  <?  MAXLINE=50
2: outfile - ooutfile = 14  <?  MAXLINE=50
2: outfile - ooutfile = 15  <?  MAXLINE=50
2: outfile - ooutfile = 16  <?  MAXLINE=50
2: outfile - ooutfile = 17  <?  MAXLINE=50
2: outfile - ooutfile = 18  <?  MAXLINE=50
2: outfile - ooutfile = 19  <?  MAXLINE=50
2: outfile - ooutfile = 20  <?  MAXLINE=50
2: outfile - ooutfile = 21  <?  MAXLINE=50
2: outfile - ooutfile = 22  <?  MAXLINE=50
2: outfile - ooutfile = 23  <?  MAXLINE=50
2: outfile - ooutfile = 24  <?  MAXLINE=50
2: outfile - ooutfile = 25  <?  MAXLINE=50
2: outfile - ooutfile = 26  <?  MAXLINE=50
2: outfile - ooutfile = 27  <?  MAXLINE=50
canary = GOOD
buf-obuf=80
obp-obuf=28
canary-obuf=64
2: outfile - ooutfile = 0  <?  MAXLINE=50
2: outfile - ooutfile = 1  <?  MAXLINE=50
2: outfile - ooutfile = 2  <?  MAXLINE=50
2: outfile - ooutfile = 3  <?  MAXLINE=50
2: outfile - ooutfile = 4  <?  MAXLINE=50
2: outfile - ooutfile = 5  <?  MAXLINE=50
2: outfile - ooutfile = 6  <?  MAXLINE=50
2: outfile - ooutfile = 7  <?  MAXLINE=50
2: outfile - ooutfile = 8  <?  MAXLINE=50
2: outfile - ooutfile = 9  <?  MAXLINE=50
2: outfile - ooutfile = 10  <?  MAXLINE=50
2: outfile - ooutfile = 11  <?  MAXLINE=50
2: outfile - ooutfile = 12  <?  MAXLINE=50
2: outfile - ooutfile = 13  <?  MAXLINE=50
2: outfile - ooutfile = 14  <?  MAXLINE=50
2: outfile - ooutfile = 15  <?  MAXLINE=50
2: outfile - ooutfile = 16  <?  MAXLINE=50
2: outfile - ooutfile = 17  <?  MAXLINE=50
2: outfile - ooutfile = 18  <?  MAXLINE=50
2: outfile - ooutfile = 19  <?  MAXLINE=50
2: outfile - ooutfile = 20  <?  MAXLINE=50
2: outfile - ooutfile = 21  <?  MAXLINE=50
2: outfile - ooutfile = 22  <?  MAXLINE=50
2: outfile - ooutfile = 23  <?  MAXLINE=50
2: outfile - ooutfile = 24  <?  MAXLINE=50
2: outfile - ooutfile = 25  <?  MAXLINE=50
2: outfile - ooutfile = 26  <?  MAXLINE=50
2: outfile - ooutfile = 27  <?  MAXLINE=50
2: outfile - ooutfile = 28  <?  MAXLINE=50
2: outfile - ooutfile = 29  <?  MAXLINE=50
2: outfile - ooutfile = 30  <?  MAXLINE=50
2: outfile - ooutfile = 31  <?  MAXLINE=50
2: outfile - ooutfile = 32  <?  MAXLINE=50
canary = GOOD
buf-obuf=80
obp-obuf=61
canary-obuf=64
2: outfile - ooutfile = 0  <?  MAXLINE=50
2: outfile - ooutfile = 1  <?  MAXLINE=50
2: outfile - ooutfile = 2  <?  MAXLINE=50
2: outfile - ooutfile = 3  <?  MAXLINE=50
2: outfile - ooutfile = 4  <?  MAXLINE=50
2: outfile - ooutfile = 5  <?  MAXLINE=50
2: outfile - ooutfile = 6  <?  MAXLINE=50
2: outfile - ooutfile = 7  <?  MAXLINE=50
2: outfile - ooutfile = 8  <?  MAXLINE=50
2: outfile - ooutfile = 9  <?  MAXLINE=50
2: outfile - ooutfile = 10  <?  MAXLINE=50
2: outfile - ooutfile = 11  <?  MAXLINE=50
2: outfile - ooutfile = 12  <?  MAXLINE=50
2: outfile - ooutfile = 13  <?  MAXLINE=50
2: outfile - ooutfile = 14  <?  MAXLINE=50
2: outfile - ooutfile = 15  <?  MAXLINE=50
2: outfile - ooutfile = 16  <?  MAXLINE=50
2: outfile - ooutfile = 17  <?  MAXLINE=50
2: outfile - ooutfile = 18  <?  MAXLINE=50
2: outfile - ooutfile = 19  <?  MAXLINE=50
2: outfile - ooutfile = 20  <?  MAXLINE=50
2: outfile - ooutfile = 21  <?  MAXLINE=50
2: outfile - ooutfile = 22  <?  MAXLINE=50
2: outfile - ooutfile = 23  <?  MAXLINE=50
2: outfile - ooutfile = 24  <?  MAXLINE=50
2: outfile - ooutfile = 25  <?  MAXLINE=50
2: outfile - ooutfile = 26  <?  MAXLINE=50
2: outfile - ooutfile = 27  <?  MAXLINE=50
2: outfile - ooutfile = 28  <?  MAXLINE=50
2: outfile - ooutfile = 29  <?  MAXLINE=50
2: outfile - ooutfile = 30  <?  MAXLINE=50
2: outfile - ooutfile = 31  <?  MAXLINE=50
2: outfile - ooutfile = 32  <?  MAXLINE=50
canary = ccccccccccccccccccccccccccccccccccccccccccccccccc=

obuf = aaaaaaaaaaaaaaaaaaaaaaaaaaaabbbbbbbbbbbbbbbbbbbbbbbbbbbbbbbbbcccccccccccccccccccccccccccccccccccccccccccccccccccc=

canary should be GOOD
canary = ccccccccccccccccccccccccccccccccccccccccccccccccc=

