Inside prescan!!
Max storage of pvpbuf = 50
canary=[GOOD]
canary should be 5 bytes, max
canary=[GOOD]
canary should be 5 bytes, max
Writing slash to q!!!!
canary=[GOOD]
canary should be 5 bytes, max
Writing ÿ to q!
canary=[GOOD]
canary should be 5 bytes, max
canary=[GOOD]
canary should be 5 bytes, max
Writing slash to q!!!!
canary=[GOOD]
canary should be 5 bytes, max
Writing ÿ to q!
canary=[GOOD]
canary should be 5 bytes, max
canary=[GOOD]
canary should be 5 bytes, max
Writing slash to q!!!!
canary=[GOOD]
canary should be 5 bytes, max
Writing ÿ to q!
canary=[GOOD]
canary should be 5 bytes, max
canary=[GOOD]
canary should be 5 bytes, max
Writing slash to q!!!!
canary=[GOOD]
canary should be 5 bytes, max
Writing ÿ to q!
canary=[GOOD]
canary should be 5 bytes, max
canary=[GOOD]
canary should be 5 bytes, max
Writing slash to q!!!!
canary=[GOOD]
canary should be 5 bytes, max
Writing ÿ to q!
canary=[GOOD]
canary should be 5 bytes, max
canary=[GOOD]
canary should be 5 bytes, max
Writing slash to q!!!!
canary=[GOOD]
canary should be 5 bytes, max
Writing ÿ to q!
canary=[GOOD]
canary should be 5 bytes, max
canary=[GOOD]
canary should be 5 bytes, max
Writing slash to q!!!!
canary=[GOOD]
canary should be 5 bytes, max
Writing ÿ to q!
canary=[GOOD]
canary should be 5 bytes, max
canary=[GOOD]
canary should be 5 bytes, max
Writing slash to q!!!!
canary=[GOOD]
canary should be 5 bytes, max
Writing ÿ to q!
canary=[GOOD]
canary should be 5 bytes, max
canary=[GOOD]
canary should be 5 bytes, max
Writing slash to q!!!!
canary=[GOOD]
canary should be 5 bytes, max
Writing ÿ to q!
canary=[GOOD]
canary should be 5 bytes, max
canary=[GOOD]
canary should be 5 bytes, max
Writing slash to q!!!!
canary=[GOOD]
canary should be 5 bytes, max
Writing ÿ to q!
canary=[GOOD]
canary should be 5 bytes, max
canary=[GOOD]
canary should be 5 bytes, max
Writing slash to q!!!!
canary=[GOOD]
canary should be 5 bytes, max
Writing ÿ to q!
canary=[GOOD]
canary should be 5 bytes, max
canary=[GOOD]
canary should be 5 bytes, max
Writing slash to q!!!!
canary=[GOOD]
canary should be 5 bytes, max
Writing ÿ to q!
canary=[GOOD]
canary should be 5 bytes, max
canary=[GOOD]
canary should be 5 bytes, max
Writing slash to q!!!!
canary=[GOOD]
canary should be 5 bytes, max
Writing ÿ to q!
canary=[GOOD]
canary should be 5 bytes, max
canary=[GOOD]
canary should be 5 bytes, max
Writing slash to q!!!!
canary=[GOOD]
canary should be 5 bytes, max
Writing ÿ to q!
canary=[GOOD]
canary should be 5 bytes, max
canary=[GOOD]
canary should be 5 bytes, max
Writing slash to q!!!!
canary=[GOOD]
canary should be 5 bytes, max
Writing ÿ to q!
canary=[GOOD]
canary should be 5 bytes, max
canary=[GOOD]
canary should be 5 bytes, max
Writing slash to q!!!!
canary=[GOOD]
canary should be 5 bytes, max
Writing ÿ to q!
canary=[GOOD]
canary should be 5 bytes, max
canary=[GOOD]
canary should be 5 bytes, max
Writing slash to q!!!!
canary=[GOOD]
canary should be 5 bytes, max
Writing ÿ to q!
canary=[GOOD]
canary should be 5 bytes, max
canary=[GOOD]
canary should be 5 bytes, max
Writing slash to q!!!!
canary=[GOOD]
canary should be 5 bytes, max
Writing ÿ to q!
canary=[GOOD]
canary should be 5 bytes, max
canary=[GOOD]
canary should be 5 bytes, max
Writing slash to q!!!!
canary=[GOOD]
canary should be 5 bytes, max
Writing ÿ to q!
canary=[GOOD]
canary should be 5 bytes, max
canary=[GOOD]
canary should be 5 bytes, max
Writing slash to q!!!!
canary=[GOOD]
canary should be 5 bytes, max
Writing ÿ to q!
canary=[GOOD]
canary should be 5 bytes, max
canary=[GOOD]
canary should be 5 bytes, max
Writing slash to q!!!!
canary=[GOOD]
canary should be 5 bytes, max
Writing ÿ to q!
canary=[GOOD]
canary should be 5 bytes, max
canary=[GOOD]
canary should be 5 bytes, max
Writing slash to q!!!!
canary=[GOOD]
canary should be 5 bytes, max
Writing ÿ to q!
canary=[GOOD]
canary should be 5 bytes, max
canary=[GOOD]
canary should be 5 bytes, max
Writing slash to q!!!!
canary=[GOOD]
canary should be 5 bytes, max
553 5.1.1 Address too long
strlen(addr) > 40
