Inside TRUE block!!
buf used in finduser = rpc
Before call to builfname, pw_gecos = Portmapper RPC user, and pw_name = rpc
nbuf before call to buildfname = 
bp-buf = 1
bp-buf = 2
bp-buf = 3
bp-buf = 4
bp-buf = 5
bp-buf = 6
bp-buf = 7
bp-buf = 8
bp-buf = 9
bp-buf = 10
bp-buf = 11
bp-buf = 12
bp-buf = 13
bp-buf = 14
bp-buf = 15
bp-buf = 16
bp-buf = 17
bp-buf = 18
bp-buf = 19
buf can store at most 5 bytes; strlen(buf) = 19
nbuf after call to buildfname = Portmapper RPC user
test_buf should be GOOD.  test_buf = ser
Real name of user rpc = Portmapper RPC user
