Reading from file = dns-file ...
read_record_from_file returned len = 124
parse_dns_reply called..
Record type queried = 16
status returned = 12
query type = 16
We are in the T_TXT switch block
Copying TXT record!!!
Trying to copy 255 bytes into a buffer of size 31...
An error occurred!: DNS TXT record size = 30 <= txtlen=255
