Inside prescan!!
Max storage of pvpbuf = 50
canaray=[GOOD]
canary should be 5 bytes, max
canaray=[GOOD]
canary should be 5 bytes, max
canary=[GOOD]
canary should be 5 bytes, max
canaray=[GOOD]
canary should be 5 bytes, max
canaray=[GOOD]
canary should be 5 bytes, max
canary=[GOOD]
canary should be 5 bytes, max
canaray=[GOOD]
canary should be 5 bytes, max
canaray=[GOOD]
canary should be 5 bytes, max
canary=[GOOD]
canary should be 5 bytes, max
canaray=[GOOD]
canary should be 5 bytes, max
canaray=[GOOD]
canary should be 5 bytes, max
canary=[GOOD]
canary should be 5 bytes, max
canaray=[GOOD]
canary should be 5 bytes, max
canaray=[GOOD]
canary should be 5 bytes, max
canary=[GOOD]
canary should be 5 bytes, max
canaray=[GOOD]
canary should be 5 bytes, max
canaray=[GOOD]
canary should be 5 bytes, max
canary=[GOOD]
canary should be 5 bytes, max
canaray=[GOOD]
canary should be 5 bytes, max
canaray=[GOOD]
canary should be 5 bytes, max
canary=[GOOD]
canary should be 5 bytes, max
canaray=[GOOD]
canary should be 5 bytes, max
canaray=[GOOD]
canary should be 5 bytes, max
canary=[GOOD]
canary should be 5 bytes, max
canaray=[GOOD]
canary should be 5 bytes, max
canaray=[GOOD]
canary should be 5 bytes, max
canary=[GOOD]
canary should be 5 bytes, max
canaray=[GOOD]
canary should be 5 bytes, max
canaray=[GOOD]
canary should be 5 bytes, max
canary=[GOOD]
canary should be 5 bytes, max
canaray=[GOOD]
canary should be 5 bytes, max
canaray=[GOOD]
canary should be 5 bytes, max
canary=[GOOD]
canary should be 5 bytes, max
canaray=[GOOD]
canary should be 5 bytes, max
canaray=[GOOD]
canary should be 5 bytes, max
canary=[GOOD]
canary should be 5 bytes, max
canaray=[GOOD]
canary should be 5 bytes, max
canaray=[GOOD]
canary should be 5 bytes, max
canary=[GOOD]
canary should be 5 bytes, max
canaray=[GOOD]
canary should be 5 bytes, max
canaray=[GOOD]
canary should be 5 bytes, max
canary=[GOOD]
canary should be 5 bytes, max
canaray=[GOOD]
canary should be 5 bytes, max
canaray=[GOOD]
canary should be 5 bytes, max
canary=[GOOD]
canary should be 5 bytes, max
canaray=[GOOD]
canary should be 5 bytes, max
canaray=[GOOD]
canary should be 5 bytes, max
canary=[GOOD]
canary should be 5 bytes, max
canaray=[GOOD]
canary should be 5 bytes, max
canaray=[GOOD]
canary should be 5 bytes, max
canary=[GOOD]
canary should be 5 bytes, max
canaray=[GOOD]
canary should be 5 bytes, max
canaray=[GOOD]
canary should be 5 bytes, max
canary=[GOOD]
canary should be 5 bytes, max
canaray=[GOOD]
canary should be 5 bytes, max
canaray=[GOOD]
canary should be 5 bytes, max
canary=[GOOD]
canary should be 5 bytes, max
canaray=[GOOD]
canary should be 5 bytes, max
canaray=[GOOD]
canary should be 5 bytes, max
canary=[GOOD]
canary should be 5 bytes, max
canaray=[GOOD]
canary should be 5 bytes, max
canaray=[GOOD]
canary should be 5 bytes, max
canary=[GOOD]
canary should be 5 bytes, max
canaray=[GOOD]
canary should be 5 bytes, max
canaray=[GOOD]
canary should be 5 bytes, max
canary=[GOOD]
canary should be 5 bytes, max
canaray=[GOOD]
canary should be 5 bytes, max
canaray=[GOOD]
canary should be 5 bytes, max
canary=[GOOD]
canary should be 5 bytes, max
canaray=[GOOD]
canary should be 5 bytes, max
canaray=[GOOD]
canary should be 5 bytes, max
canary=[GOOD]
canary should be 5 bytes, max
canaray=[GOOD]
canary should be 5 bytes, max
canaray=[GOOD]
canary should be 5 bytes, max
canary=[GOOD]
canary should be 5 bytes, max
canaray=[GOOD]
canary should be 5 bytes, max
canaray=[GOOD]
canary should be 5 bytes, max
canary=[GOOD]
canary should be 5 bytes, max
canaray=[GOOD]
canary should be 5 bytes, max
canaray=[GOOD]
canary should be 5 bytes, max
canary=[GOOD]
canary should be 5 bytes, max
canaray=[GOOD]
canary should be 5 bytes, max
canaray=[GOOD]
canary should be 5 bytes, max
canary=[GOOD]
canary should be 5 bytes, max
canaray=[GOOD]
canary should be 5 bytes, max
canaray=[GOOD]
canary should be 5 bytes, max
canary=[GOOD]
canary should be 5 bytes, max
canaray=[GOOD]
canary should be 5 bytes, max
canaray=[GOOD]
canary should be 5 bytes, max
canary=[GOOD]
canary should be 5 bytes, max
canaray=[GOOD]
canary should be 5 bytes, max
canaray=[GOOD]
canary should be 5 bytes, max
canary=[GOOD]
canary should be 5 bytes, max
canaray=[GOOD]
canary should be 5 bytes, max
canaray=[GOOD]
canary should be 5 bytes, max
canary=[GOOD]
canary should be 5 bytes, max
canaray=[GOOD]
canary should be 5 bytes, max
canaray=[GOOD]
canary should be 5 bytes, max
canary=[GOOD]
canary should be 5 bytes, max
canaray=[GOOD]
canary should be 5 bytes, max
canaray=[GOOD]
canary should be 5 bytes, max
canary=[GOOD]
canary should be 5 bytes, max
canaray=[GOOD]
canary should be 5 bytes, max
canaray=[GOOD]
canary should be 5 bytes, max
canary=[GOOD]
canary should be 5 bytes, max
canaray=[GOOD]
canary should be 5 bytes, max
canaray=[GOOD]
canary should be 5 bytes, max
canary=[GOOD]
canary should be 5 bytes, max
canaray=[GOOD]
canary should be 5 bytes, max
canaray=[GOOD]
canary should be 5 bytes, max
canary=[GOOD]
canary should be 5 bytes, max
canaray=[GOOD]
canary should be 5 bytes, max
canaray=[GOOD]
canary should be 5 bytes, max
canary=[GOOD]
canary should be 5 bytes, max
canaray=[GOOD]
canary should be 5 bytes, max
canaray=[GOOD]
canary should be 5 bytes, max
canary=[GOOD]
canary should be 5 bytes, max
canaray=[GOOD]
canary should be 5 bytes, max
canaray=[GOOD]
canary should be 5 bytes, max
canary=[GOOD]
canary should be 5 bytes, max
canaray=[GOOD]
canary should be 5 bytes, max
canaray=[GOOD]
canary should be 5 bytes, max
canary=[GOOD]
canary should be 5 bytes, max
canaray=[GOOD]
canary should be 5 bytes, max
canaray=[GOOD]
canary should be 5 bytes, max
canary=[GOOD]
canary should be 5 bytes, max
canaray=[GOOD]
canary should be 5 bytes, max
canaray=[GOOD]
canary should be 5 bytes, max
canary=[GOOD]
canary should be 5 bytes, max
canaray=[GOOD]
canary should be 5 bytes, max
canaray=[GOOD]
canary should be 5 bytes, max
canary=[GOOD]
canary should be 5 bytes, max
canaray=[GOOD]
canary should be 5 bytes, max
canaray=[GOOD]
canary should be 5 bytes, max
canary=[GOOD]
canary should be 5 bytes, max
canaray=[GOOD]
canary should be 5 bytes, max
canaray=[GOOD]
canary should be 5 bytes, max
canary=[GOOD]
canary should be 5 bytes, max
canaray=[GOOD]
canary should be 5 bytes, max
canaray=[GOOD]
canary should be 5 bytes, max
canary=[GOOD]
canary should be 5 bytes, max
canaray=[GOOD]
canary should be 5 bytes, max
canaray=[GOOD]
canary should be 5 bytes, max
canary=[GOOD]
canary should be 5 bytes, max
canaray=[GOOD]
canary should be 5 bytes, max
canaray=[GOOD]
canary should be 5 bytes, max
canary=[GOOD]
canary should be 5 bytes, max
canaray=[GOOD]
canary should be 5 bytes, max
canaray=[GOOD]
canary should be 5 bytes, max
canary=[GOOD]
canary should be 5 bytes, max
canaray=[GOOD]
canary should be 5 bytes, max
canaray=[GOOD]
canary should be 5 bytes, max
canary=[GOOD]
canary should be 5 bytes, max
canaray=[GOOD]
canary should be 5 bytes, max
canaray=[GOOD]
canary should be 5 bytes, max
canary=[GOOD]
canary should be 5 bytes, max
canaray=[GOOD]
canary should be 5 bytes, max
canaray=[GOOD]
canary should be 5 bytes, max
canary=[GOOD]
canary should be 5 bytes, max
canaray=[GOOD]
canary should be 5 bytes, max
canaray=[GOOD]
canary should be 5 bytes, max
canary=[GOOD]
canary should be 5 bytes, max
canaray=[GOOD]
canary should be 5 bytes, max
canaray=[GOOD]
canary should be 5 bytes, max
canary=[GOOD]
canary should be 5 bytes, max
canaray=[GOOD]
canary should be 5 bytes, max
canaray=[GOOD]
canary should be 5 bytes, max
canary=[GOOD]
canary should be 5 bytes, max
canaray=[GOOD]
canary should be 5 bytes, max
canaray=[GOOD]
canary should be 5 bytes, max
canary=[GOOD]
canary should be 5 bytes, max
canaray=[GOOD]
canary should be 5 bytes, max
canaray=[GOOD]
canary should be 5 bytes, max
canary=[GOOD]
canary should be 5 bytes, max
canaray=[GOOD]
canary should be 5 bytes, max
canaray=[GOOD]
canary should be 5 bytes, max
canary=[GOOD]
canary should be 5 bytes, max
canaray=[GOOD]
canary should be 5 bytes, max
canaray=[GOOD]
canary should be 5 bytes, max
canary=[GOOD]
canary should be 5 bytes, max
canaray=[GOOD]
canary should be 5 bytes, max
canaray=[GOOD]
canary should be 5 bytes, max
canary=[GOOD]
canary should be 5 bytes, max
canaray=[GOOD]
canary should be 5 bytes, max
canaray=[GOOD]
canary should be 5 bytes, max
canary=[GOOD]
canary should be 5 bytes, max
canaray=[GOOD]
canary should be 5 bytes, max
canaray=[GOOD]
canary should be 5 bytes, max
canary=[GOOD]
canary should be 5 bytes, max
canaray=[GOOD]
canary should be 5 bytes, max
canaray=[GOOD]
canary should be 5 bytes, max
canary=[GOOD]
canary should be 5 bytes, max
canaray=[]
canary should be 5 bytes, max
canaray=[]
canary should be 5 bytes, max
canary=[\OOD]
canary should be 5 bytes, max
canaray=[\]
canary should be 5 bytes, max
canaray=[\]
canary should be 5 bytes, max
canary=[\\OD]
canary should be 5 bytes, max
canaray=[\\]
canary should be 5 bytes, max
canaray=[\\]
canary should be 5 bytes, max
canary=[\\\D]
canary should be 5 bytes, max
canaray=[\\\]
canary should be 5 bytes, max
canaray=[\\\]
canary should be 5 bytes, max
canary=[\\\\]
canary should be 5 bytes, max
canaray=[\\\\]
canary should be 5 bytes, max
canaray=[\\\\]
canary should be 5 bytes, max
canary=[\\\\\¼]
canary should be 5 bytes, max
canaray=[\\\\\]
canary should be 5 bytes, max
canaray=[\\\\\]
canary should be 5 bytes, max
canary=[\\\\\\]
canary should be 5 bytes, max
canaray=[\\\\\\]
canary should be 5 bytes, max
canaray=[\\\\\\]
canary should be 5 bytes, max
canary=[\\\\\\\@]
canary should be 5 bytes, max
canaray=[\\\\\\\]
canary should be 5 bytes, max
canaray=[\\\\\\\]
canary should be 5 bytes, max
canary=[\\\\\\\\]
canary should be 5 bytes, max
canaray=[\\\\\\\\]
canary should be 5 bytes, max
canaray=[\\\\\\\\]
canary should be 5 bytes, max
canary=[\\\\\\\\\BÙ]
canary should be 5 bytes, max
canaray=[\\\\\\\\\]
canary should be 5 bytes, max
canaray=[\\\\\\\\\]
canary should be 5 bytes, max
canary=[\\\\\\\\\\BÙ]
canary should be 5 bytes, max
canaray=[\\\\\\\\\\]
canary should be 5 bytes, max
canaray=[\\\\\\\\\\]
canary should be 5 bytes, max
canary=[\\\\\\\\\\\BÙ]
canary should be 5 bytes, max
canaray=[\\\\\\\\\\\]
canary should be 5 bytes, max
canaray=[\\\\\\\\\\\]
canary should be 5 bytes, max
canary=[\\\\\\\\\\\\Ù]
canary should be 5 bytes, max
canaray=[\\\\\\\\\\\\]
canary should be 5 bytes, max
canaray=[\\\\\\\\\\\\]
canary should be 5 bytes, max
canary=[\\\\\\\\\\\\\]
canary should be 5 bytes, max
canaray=[\\\\\\\\\\\\\]
canary should be 5 bytes, max
canaray=[\\\\\\\\\\\\\]
canary should be 5 bytes, max
canary=[\\\\\\\\\\\\\\]
canary should be 5 bytes, max
canaray=[\\\\\\\\\\\\\\]
canary should be 5 bytes, max
canaray=[\\\\\\\\\\\\\\]
canary should be 5 bytes, max
canary=[\\\\\\\\\\\\\\\]
canary should be 5 bytes, max
canaray=[\\\\\\\\\\\\\\\]
canary should be 5 bytes, max
canaray=[\\\\\\\\\\\\\\\]
canary should be 5 bytes, max
canary=[\\\\\\\\\\\\\\\\ÐB`S@èÿ¿ð]
canary should be 5 bytes, max
canaray=[\\\\\\\\\\\\\\\\]
canary should be 5 bytes, max
canaray=[\\\\\\\\\\\\\\\\]
canary should be 5 bytes, max
canary=[\\\\\\\\\\\\\\\\\B`S@èÿ¿ð]
canary should be 5 bytes, max
canaray=[\\\\\\\\\\\\\\\\\]
canary should be 5 bytes, max
canaray=[\\\\\\\\\\\\\\\\\]
canary should be 5 bytes, max
canary=[\\\\\\\\\\\\\\\\\\B`S@èÿ¿ð]
canary should be 5 bytes, max
canaray=[\\\\\\\\\\\\\\\\\\]
canary should be 5 bytes, max
canaray=[\\\\\\\\\\\\\\\\\\]
canary should be 5 bytes, max
canary=[\\\\\\\\\\\\\\\\\\\B`S@èÿ¿ð]
canary should be 5 bytes, max
canaray=[\\\\\\\\\\\\\\\\\\\]
canary should be 5 bytes, max
canaray=[\\\\\\\\\\\\\\\\\\\]
canary should be 5 bytes, max
canary=[\\\\\\\\\\\\\\\\\\\\`S@èÿ¿ð]
canary should be 5 bytes, max
canaray=[\\\\\\\\\\\\\\\\\\\\]
canary should be 5 bytes, max
canaray=[\\\\\\\\\\\\\\\\\\\\]
canary should be 5 bytes, max
canary=[\\\\\\\\\\\\\\\\\\\\\S@èÿ¿ð]
canary should be 5 bytes, max
canaray=[\\\\\\\\\\\\\\\\\\\\\]
canary should be 5 bytes, max
canaray=[\\\\\\\\\\\\\\\\\\\\\]
canary should be 5 bytes, max
canary=[\\\\\\\\\\\\\\\\\\\\\\@èÿ¿ð]
canary should be 5 bytes, max
canaray=[\\\\\\\\\\\\\\\\\\\\\\]
canary should be 5 bytes, max
canaray=[\\\\\\\\\\\\\\\\\\\\\\]
canary should be 5 bytes, max
canary=[\\\\\\\\\\\\\\\\\\\\\\\@èÿ¿ð]
canary should be 5 bytes, max
canaray=[\\\\\\\\\\\\\\\\\\\\\\\]
canary should be 5 bytes, max
canaray=[\\\\\\\\\\\\\\\\\\\\\\\]
canary should be 5 bytes, max
canary=[\\\\\\\\\\\\\\\\\\\\\\\\èÿ¿ð]
canary should be 5 bytes, max
canaray=[\\\\\\\\\\\\\\\\\\\\\\\\]
canary should be 5 bytes, max
canaray=[\\\\\\\\\\\\\\\\\\\\\\\\]
canary should be 5 bytes, max
canary=[\\\\\\\\\\\\\\\\\\\\\\\\\èÿ¿ð]
canary should be 5 bytes, max
canaray=[\\\\\\\\\\\\\\\\\\\\\\\\\]
canary should be 5 bytes, max
canaray=[\\\\\\\\\\\\\\\\\\\\\\\\\]
canary should be 5 bytes, max
canary=[\\\\\\\\\\\\\\\\\\\\\\\\\\ÿ¿ð]
canary should be 5 bytes, max
canaray=[\\\\\\\\\\\\\\\\\\\\\\\\\\]
canary should be 5 bytes, max
canaray=[\\\\\\\\\\\\\\\\\\\\\\\\\\]
canary should be 5 bytes, max
canary=[\\\\\\\\\\\\\\\\\\\\\\\\\\\¿ð]
canary should be 5 bytes, max
canaray=[\\\\\\\\\\\\\\\\\\\\\\\\\\\]
canary should be 5 bytes, max
canaray=[\\\\\\\\\\\\\\\\\\\\\\\\\\\]
canary should be 5 bytes, max
canary=[\\\\\\\\\\\\\\\\\\\\\\\\\\\\ð]
canary should be 5 bytes, max
canaray=[\\\\\\\\\\\\\\\\\\\\\\\\\\\\]
canary should be 5 bytes, max
canaray=[\\\\\\\\\\\\\\\\\\\\\\\\\\\\]
canary should be 5 bytes, max
canary=[\\\\\\\\\\\\\\\\\\\\\\\\\\\\\ð]
canary should be 5 bytes, max
canaray=[\\\\\\\\\\\\\\\\\\\\\\\\\\\\\]
canary should be 5 bytes, max
canaray=[\\\\\\\\\\\\\\\\\\\\\\\\\\\\\]
canary should be 5 bytes, max
canary=[\\\\\\\\\\\\\\\\\\\\\\\\\\\\\\ð]
canary should be 5 bytes, max
canaray=[\\\\\\\\\\\\\\\\\\\\\\\\\\\\\\]
canary should be 5 bytes, max
canaray=[\\\\\\\\\\\\\\\\\\\\\\\\\\\\\\]
canary should be 5 bytes, max
canary=[\\\\\\\\\\\\\\\\\\\\\\\\\\\\\\\ð]
canary should be 5 bytes, max
canaray=[\\\\\\\\\\\\\\\\\\\\\\\\\\\\\\\]
canary should be 5 bytes, max
canaray=[\\\\\\\\\\\\\\\\\\\\\\\\\\\\\\\]
canary should be 5 bytes, max
canary=[\\\\\\\\\\\\\\\\\\\\\\\\\\\\\\\\ð]
canary should be 5 bytes, max
canaray=[\\\\\\\\\\\\\\\\\\\\\\\\\\\\\\\\]
canary should be 5 bytes, max
canaray=[\\\\\\\\\\\\\\\\\\\\\\\\\\\\\\\\]
canary should be 5 bytes, max
canary=[\\\\\\\\\\\\\\\\\\\\\\\\\\\\\\\\\]
canary should be 5 bytes, max
canaray=[\\\\\\\\\\\\\\\\\\\\\\\\\\\\\\\\\]
canary should be 5 bytes, max
canaray=[\\\\\\\\\\\\\\\\\\\\\\\\\\\\\\\\\]
canary should be 5 bytes, max
canary=[\\\\\\\\\\\\\\\\\\\\\\\\\\\\\\\\\\]
canary should be 5 bytes, max
canaray=[\\\\\\\\\\\\\\\\\\\\\\\\\\\\\\\\\\]
canary should be 5 bytes, max
canaray=[\\\\\\\\\\\\\\\\\\\\\\\\\\\\\\\\\\]
canary should be 5 bytes, max
canary=[\\\\\\\\\\\\\\\\\\\\\\\\\\\\\\\\\\\]
canary should be 5 bytes, max
canaray=[\\\\\\\\\\\\\\\\\\\\\\\\\\\\\\\\\\\]
canary should be 5 bytes, max
canaray=[\\\\\\\\\\\\\\\\\\\\\\\\\\\\\\\\\\\]
canary should be 5 bytes, max
canary=[\\\\\\\\\\\\\\\\\\\\\\\\\\\\\\\\\\\\]
canary should be 5 bytes, max
canaray=[\\\\\\\\\\\\\\\\\\\\\\\\\\\\\\\\\\\\]
canary should be 5 bytes, max
canaray=[\\\\\\\\\\\\\\\\\\\\\\\\\\\\\\\\\\\\]
canary should be 5 bytes, max
canary=[\\\\\\\\\\\\\\\\\\\\\\\\\\\\\\\\\\\\\]
canary should be 5 bytes, max
canaray=[\\\\\\\\\\\\\\\\\\\\\\\\\\\\\\\\\\\\\]
canary should be 5 bytes, max
canaray=[\\\\\\\\\\\\\\\\\\\\\\\\\\\\\\\\\\\\\]
canary should be 5 bytes, max
canary=[\\\\\\\\\\\\\\\\\\\\\\\\\\\\\\\\\\\\\\]
canary should be 5 bytes, max
canaray=[\\\\\\\\\\\\\\\\\\\\\\\\\\\\\\\\\\\\\\]
canary should be 5 bytes, max
canaray=[\\\\\\\\\\\\\\\\\\\\\\\\\\\\\\\\\\\\\\]
canary should be 5 bytes, max
canary=[\\\\\\\\\\\\\\\\\\\\\\\\\\\\\\\\\\\\\\\]
canary should be 5 bytes, max
canaray=[\\\\\\\\\\\\\\\\\\\\\\\\\\\\\\\\\\\\\\\]
canary should be 5 bytes, max
canaray=[\\\\\\\\\\\\\\\\\\\\\\\\\\\\\\\\\\\\\\\]
canary should be 5 bytes, max
canary=[\\\\\\\\\\\\\\\\\\\\\\\\\\\\\\\\\\\\\\\\ù
B,]
canary should be 5 bytes, max
canaray=[\\\\\\\\\\\\\\\\\\\\\\\\\\\\\\\\\\\\\\\\]
canary should be 5 bytes, max
canaray=[\\\\\\\\\\\\\\\\\\\\\\\\\\\\\\\\\\\\\\\\]
canary should be 5 bytes, max
canary=[\\\\\\\\\\\\\\\\\\\\\\\\\\\\\\\\\\\\\\\\\ù
B,]
canary should be 5 bytes, max
canaray=[\\\\\\\\\\\\\\\\\\\\\\\\\\\\\\\\\\\\\\\\\]
canary should be 5 bytes, max
canaray=[\\\\\\\\\\\\\\\\\\\\\\\\\\\\\\\\\\\\\\\\\]
canary should be 5 bytes, max
canary=[\\\\\\\\\\\\\\\\\\\\\\\\\\\\\\\\\\\\\\\\\\ù
B,]
canary should be 5 bytes, max
canaray=[\\\\\\\\\\\\\\\\\\\\\\\\\\\\\\\\\\\\\\\\\\]
canary should be 5 bytes, max
canaray=[\\\\\\\\\\\\\\\\\\\\\\\\\\\\\\\\\\\\\\\\\\]
canary should be 5 bytes, max
canary=[\\\\\\\\\\\\\\\\\\\\\\\\\\\\\\\\\\\\\\\\\\\ù
B,]
canary should be 5 bytes, max
canaray=[\\\\\\\\\\\\\\\\\\\\\\\\\\\\\\\\\\\\\\\\\\\]
canary should be 5 bytes, max
canaray=[\\\\\\\\\\\\\\\\\\\\\\\\\\\\\\\\\\\\\\\\\\\]
canary should be 5 bytes, max
canary=[\\\\\\\\\\\\\\\\\\\\\\\\\\\\\\\\\\\\\\\\\\\\ù
B,]
canary should be 5 bytes, max
canaray=[\\\\\\\\\\\\\\\\\\\\\\\\\\\\\\\\\\\\\\\\\\\\]
canary should be 5 bytes, max
canaray=[\\\\\\\\\\\\\\\\\\\\\\\\\\\\\\\\\\\\\\\\\\\\]
canary should be 5 bytes, max
canary=[\\\\\\\\\\\\\\\\\\\\\\\\\\\\\\\\\\\\\\\\\\\\\
B,]
canary should be 5 bytes, max
canaray=[\\\\\\\\\\\\\\\\\\\\\\\\\\\\\\\\\\\\\\\\\\\\\]
canary should be 5 bytes, max
canaray=[\\\\\\\\\\\\\\\\\\\\\\\\\\\\\\\\\\\\\\\\\\\\\]
canary should be 5 bytes, max
canary=[\\\\\\\\\\\\\\\\\\\\\\\\\\\\\\\\\\\\\\\\\\\\\\
B,]
canary should be 5 bytes, max
canaray=[\\\\\\\\\\\\\\\\\\\\\\\\\\\\\\\\\\\\\\\\\\\\\\]
canary should be 5 bytes, max
canaray=[\\\\\\\\\\\\\\\\\\\\\\\\\\\\\\\\\\\\\\\\\\\\\\]
canary should be 5 bytes, max
canary=[\\\\\\\\\\\\\\\\\\\\\\\\\\\\\\\\\\\\\\\\\\\\\\\
B,]
canary should be 5 bytes, max
canaray=[\\\\\\\\\\\\\\\\\\\\\\\\\\\\\\\\\\\\\\\\\\\\\\\]
canary should be 5 bytes, max
canaray=[\\\\\\\\\\\\\\\\\\\\\\\\\\\\\\\\\\\\\\\\\\\\\\\]
canary should be 5 bytes, max
canary=[\\\\\\\\\\\\\\\\\\\\\\\\\\\\\\\\\\\\\\\\\\\\\\\\
B,]
canary should be 5 bytes, max
canaray=[\\\\\\\\\\\\\\\\\\\\\\\\\\\\\\\\\\\\\\\\\\\\\\\\]
canary should be 5 bytes, max
canaray=[\\\\\\\\\\\\\\\\\\\\\\\\\\\\\\\\\\\\\\\\\\\\\\\\]
canary should be 5 bytes, max
canary=[\\\\\\\\\\\\\\\\\\\\\\\\\\\\\\\\\\\\\\\\\\\\\\\\\
B,]
canary should be 5 bytes, max
canaray=[\\\\\\\\\\\\\\\\\\\\\\\\\\\\\\\\\\\\\\\\\\\\\\\\\]
canary should be 5 bytes, max
canaray=[\\\\\\\\\\\\\\\\\\\\\\\\\\\\\\\\\\\\\\\\\\\\\\\\\]
canary should be 5 bytes, max
canary=[\\\\\\\\\\\\\\\\\\\\\\\\\\\\\\\\\\\\\\\\\\\\\\\\\\B,]
canary should be 5 bytes, max
canaray=[\\\\\\\\\\\\\\\\\\\\\\\\\\\\\\\\\\\\\\\\\\\\\\\\\\]
canary should be 5 bytes, max
canaray=[\\\\\\\\\\\\\\\\\\\\\\\\\\\\\\\\\\\\\\\\\\\\\\\\\\]
canary should be 5 bytes, max
canary=[\\\\\\\\\\\\\\\\\\\\\\\\\\\\\\\\\\\\\\\\\\\\\\\\\\\B,]
canary should be 5 bytes, max
canaray=[\\\\\\\\\\\\\\\\\\\\\\\\\\\\\\\\\\\\\\\\\\\\\\\\\\\]
canary should be 5 bytes, max
canaray=[\\\\\\\\\\\\\\\\\\\\\\\\\\\\\\\\\\\\\\\\\\\\\\\\\\\]
canary should be 5 bytes, max
canary=[\\\\\\\\\\\\\\\\\\\\\\\\\\\\\\\\\\\\\\\\\\\\\\\\\\\\,]
canary should be 5 bytes, max
canaray=[\\\\\\\\\\\\\\\\\\\\\\\\\\\\\\\\\\\\\\\\\\\\\\\\\\\\]
canary should be 5 bytes, max
canaray=[\\\\\\\\\\\\\\\\\\\\\\\\\\\\\\\\\\\\\\\\\\\\\\\\\\\\]
canary should be 5 bytes, max
canary=[\\\\\\\\\\\\\\\\\\\\\\\\\\\\\\\\\\\\\\\\\\\\\\\\\\\\\]
canary should be 5 bytes, max
canaray=[\\\\\\\\\\\\\\\\\\\\\\\\\\\\\\\\\\\\\\\\\\\\\\\\\\\\\]
canary should be 5 bytes, max
canaray=[\\\\\\\\\\\\\\\\\\\\\\\\\\\\\\\\\\\\\\\\\\\\\\\\\\\\\]
canary should be 5 bytes, max
canary=[\\\\\\\\\\\\\\\\\\\\\\\\\\\\\\\\\\\\\\\\\\\\\\\\\\\\\\]
canary should be 5 bytes, max
canaray=[\\\\\\\\\\\\\\\\\\\\\\\\\\\\\\\\\\\\\\\\\\\\\\\\\\\\\\]
canary should be 5 bytes, max
canaray=[\\\\\\\\\\\\\\\\\\\\\\\\\\\\\\\\\\\\\\\\\\\\\\\\\\\\\\]
canary should be 5 bytes, max
canary=[\\\\\\\\\\\\\\\\\\\\\\\\\\\\\\\\\\\\\\\\\\\\\\\\\\\\\\\]
canary should be 5 bytes, max
canaray=[\\\\\\\\\\\\\\\\\\\\\\\\\\\\\\\\\\\\\\\\\\\\\\\\\\\\\\\]
canary should be 5 bytes, max
canaray=[\\\\\\\\\\\\\\\\\\\\\\\\\\\\\\\\\\\\\\\\\\\\\\\\\\\\\\\]
canary should be 5 bytes, max
canary=[\\\\\\\\\\\\\\\\\\\\\\\\\\\\\\\\\\\\\\\\\\\\\\\\\\\\\\\\èÿÿ]
canary should be 5 bytes, max
canaray=[\\\\\\\\\\\\\\\\\\\\\\\\\\\\\\\\\\\\\\\\\\\\\\\\\\\\\\\\]
canary should be 5 bytes, max
canaray=[\\\\\\\\\\\\\\\\\\\\\\\\\\\\\\\\\\\\\\\\\\\\\\\\\\\\\\\\]
canary should be 5 bytes, max
canary=[\\\\\\\\\\\\\\\\\\\\\\\\\\\\\\\\\\\\\\\\\\\\\\\\\\\\\\\\\èÿÿ]
canary should be 5 bytes, max
canaray=[\\\\\\\\\\\\\\\\\\\\\\\\\\\\\\\\\\\\\\\\\\\\\\\\\\\\\\\\\]
canary should be 5 bytes, max
canaray=[\\\\\\\\\\\\\\\\\\\\\\\\\\\\\\\\\\\\\\\\\\\\\\\\\\\\\\\\\]
canary should be 5 bytes, max
canary=[\\\\\\\\\\\\\\\\\\\\\\\\\\\\\\\\\\\\\\\\\\\\\\\\\\\\\\\\\\ÿÿ]
canary should be 5 bytes, max
canaray=[\\\\\\\\\\\\\\\\\\\\\\\\\\\\\\\\\\\\\\\\\\\\\\\\\\\\\\\\\\]
canary should be 5 bytes, max
canaray=[\\\\\\\\\\\\\\\\\\\\\\\\\\\\\\\\\\\\\\\\\\\\\\\\\\\\\\\\\\]
canary should be 5 bytes, max
canary=[\\\\\\\\\\\\\\\\\\\\\\\\\\\\\\\\\\\\\\\\\\\\\\\\\\\\\\\\\\\ÿ]
canary should be 5 bytes, max
canaray=[\\\\\\\\\\\\\\\\\\\\\\\\\\\\\\\\\\\\\\\\\\\\\\\\\\\\\\\\\\\]
canary should be 5 bytes, max
canaray=[\\\\\\\\\\\\\\\\\\\\\\\\\\\\\\\\\\\\\\\\\\\\\\\\\\\\\\\\\\\]
canary should be 5 bytes, max
canary=[\\\\\\\\\\\\\\\\\\\\\\\\\\\\\\\\\\\\\\\\\\\\\\\\\\\\\\\\\\\\]
canary should be 5 bytes, max
canaray=[\\\\\\\\\\\\\\\\\\\\\\\\\\\\\\\\\\\\\\\\\\\\\\\\\\\\\\\\\\\\]
canary should be 5 bytes, max
canaray=[\\\\\\\\\\\\\\\\\\\\\\\\\\\\\\\\\\\\\\\\\\\\\\\\\\\\\\\\\\\\]
canary should be 5 bytes, max
canary=[\\\\\\\\\\\\\\\\\\\\\\\\\\\\\\\\\\\\\\\\\\\\\\\\\\\\\\\\\\\\\]
canary should be 5 bytes, max
canaray=[\\\\\\\\\\\\\\\\\\\\\\\\\\\\\\\\\\\\\\\\\\\\\\\\\\\\\\\\\\\\\]
canary should be 5 bytes, max
canaray=[\\\\\\\\\\\\\\\\\\\\\\\\\\\\\\\\\\\\\\\\\\\\\\\\\\\\\\\\\\\\\]
canary should be 5 bytes, max
canary=[\\\\\\\\\\\\\\\\\\\\\\\\\\\\\\\\\\\\\\\\\\\\\\\\\\\\\\\\\\\\\\]
canary should be 5 bytes, max
canaray=[\\\\\\\\\\\\\\\\\\\\\\\\\\\\\\\\\\\\\\\\\\\\\\\\\\\\\\\\\\\\\\]
canary should be 5 bytes, max
canaray=[\\\\\\\\\\\\\\\\\\\\\\\\\\\\\\\\\\\\\\\\\\\\\\\\\\\\\\\\\\\\\\]
canary should be 5 bytes, max
canary=[\\\\\\\\\\\\\\\\\\\\\\\\\\\\\\\\\\\\\\\\\\\\\\\\\\\\\\\\\\\\\\\]
canary should be 5 bytes, max
canaray=[\\\\\\\\\\\\\\\\\\\\\\\\\\\\\\\\\\\\\\\\\\\\\\\\\\\\\\\\\\\\\\\]
canary should be 5 bytes, max
canaray=[\\\\\\\\\\\\\\\\\\\\\\\\\\\\\\\\\\\\\\\\\\\\\\\\\\\\\\\\\\\\\\\]
canary should be 5 bytes, max
canary=[\\\\\\\\\\\\\\\\\\\\\\\\\\\\\\\\\\\\\\\\\\\\\\\\\\\\\\\\\\\\\\\\ð
B¸èÿ¿tUB]
canary should be 5 bytes, max
canaray=[\\\\\\\\\\\\\\\\\\\\\\\\\\\\\\\\\\\\\\\\\\\\\\\\\\\\\\\\\\\\\\\\]
canary should be 5 bytes, max
canaray=[\\\\\\\\\\\\\\\\\\\\\\\\\\\\\\\\\\\\\\\\\\\\\\\\\\\\\\\\\\\\\\\\]
canary should be 5 bytes, max
canary=[\\\\\\\\\\\\\\\\\\\\\\\\\\\\\\\\\\\\\\\\\\\\\\\\\\\\\\\\\\\\\\\\\
B¸èÿ¿tUB]
canary should be 5 bytes, max
canaray=[\\\\\\\\\\\\\\\\\\\\\\\\\\\\\\\\\\\\\\\\\\\\\\\\\\\\\\\\\\\\\\\\\]
canary should be 5 bytes, max
canaray=[\\\\\\\\\\\\\\\\\\\\\\\\\\\\\\\\\\\\\\\\\\\\\\\\\\\\\\\\\\\\\\\\\]
canary should be 5 bytes, max
canary=[\\\\\\\\\\\\\\\\\\\\\\\\\\\\\\\\\\\\\\\\\\\\\\\\\\\\\\\\\\\\\\\\\\
B¸èÿ¿tUB]
canary should be 5 bytes, max
canaray=[\\\\\\\\\\\\\\\\\\\\\\\\\\\\\\\\\\\\\\\\\\\\\\\\\\\\\\\\\\\\\\\\\\]
canary should be 5 bytes, max
canaray=[\\\\\\\\\\\\\\\\\\\\\\\\\\\\\\\\\\\\\\\\\\\\\\\\\\\\\\\\\\\\\\\\\\]
canary should be 5 bytes, max
canary=[\\\\\\\\\\\\\\\\\\\\\\\\\\\\\\\\\\\\\\\\\\\\\\\\\\\\\\\\\\\\\\\\\\\
B¸èÿ¿tUB]
canary should be 5 bytes, max
canaray=[\\\\\\\\\\\\\\\\\\\\\\\\\\\\\\\\\\\\\\\\\\\\\\\\\\\\\\\\\\\\\\\\\\\]
canary should be 5 bytes, max
canaray=[\\\\\\\\\\\\\\\\\\\\\\\\\\\\\\\\\\\\\\\\\\\\\\\\\\\\\\\\\\\\\\\\\\\]
canary should be 5 bytes, max
canary=[\\\\\\\\\\\\\\\\\\\\\\\\\\\\\\\\\\\\\\\\\\\\\\\\\\\\\\\\\\\\\\\\\\\\
B¸èÿ¿tUB]
canary should be 5 bytes, max
canaray=[\\\\\\\\\\\\\\\\\\\\\\\\\\\\\\\\\\\\\\\\\\\\\\\\\\\\\\\\\\\\\\\\\\\\]
canary should be 5 bytes, max
canaray=[\\\\\\\\\\\\\\\\\\\\\\\\\\\\\\\\\\\\\\\\\\\\\\\\\\\\\\\\\\\\\\\\\\\\]
canary should be 5 bytes, max
canary=[\\\\\\\\\\\\\\\\\\\\\\\\\\\\\\\\\\\\\\\\\\\\\\\\\\\\\\\\\\\\\\\\\\\\\
B¸èÿ¿tUB]
canary should be 5 bytes, max
canaray=[\\\\\\\\\\\\\\\\\\\\\\\\\\\\\\\\\\\\\\\\\\\\\\\\\\\\\\\\\\\\\\\\\\\\\]
canary should be 5 bytes, max
canaray=[\\\\\\\\\\\\\\\\\\\\\\\\\\\\\\\\\\\\\\\\\\\\\\\\\\\\\\\\\\\\\\\\\\\\\]
canary should be 5 bytes, max
canary=[\\\\\\\\\\\\\\\\\\\\\\\\\\\\\\\\\\\\\\\\\\\\\\\\\\\\\\\\\\\\\\\\\\\\\\B¸èÿ¿tUB]
canary should be 5 bytes, max
canaray=[\\\\\\\\\\\\\\\\\\\\\\\\\\\\\\\\\\\\\\\\\\\\\\\\\\\\\\\\\\\\\\\\\\\\\\]
canary should be 5 bytes, max
canaray=[\\\\\\\\\\\\\\\\\\\\\\\\\\\\\\\\\\\\\\\\\\\\\\\\\\\\\\\\\\\\\\\\\\\\\\]
canary should be 5 bytes, max
canary=[\\\\\\\\\\\\\\\\\\\\\\\\\\\\\\\\\\\\\\\\\\\\\\\\\\\\\\\\\\\\\\\\\\\\\\\B¸èÿ¿tUB]
canary should be 5 bytes, max
canaray=[\\\\\\\\\\\\\\\\\\\\\\\\\\\\\\\\\\\\\\\\\\\\\\\\\\\\\\\\\\\\\\\\\\\\\\\]
canary should be 5 bytes, max
canaray=[\\\\\\\\\\\\\\\\\\\\\\\\\\\\\\\\\\\\\\\\\\\\\\\\\\\\\\\\\\\\\\\\\\\\\\\]
canary should be 5 bytes, max
canary=[\\\\\\\\\\\\\\\\\\\\\\\\\\\\\\\\\\\\\\\\\\\\\\\\\\\\\\\\\\\\\\\\\\\\\\\\¸èÿ¿tUB]
canary should be 5 bytes, max
canaray=[\\\\\\\\\\\\\\\\\\\\\\\\\\\\\\\\\\\\\\\\\\\\\\\\\\\\\\\\\\\\\\\\\\\\\\\\]
canary should be 5 bytes, max
canaray=[\\\\\\\\\\\\\\\\\\\\\\\\\\\\\\\\\\\\\\\\\\\\\\\\\\\\\\\\\\\\\\\\\\\\\\\\]
canary should be 5 bytes, max
canary=[\\\\\\\\\\\\\\\\\\\\\\\\\\\\\\\\\\\\\\\\\\\\\\\\\\\\\\\\\\\\\\\\\\\\\\\\\èÿ¿tUB]
canary should be 5 bytes, max
canaray=[\\\\\\\\\\\\\\\\\\\\\\\\\\\\\\\\\\\\\\\\\\\\\\\\\\\\\\\\\\\\\\\\\\\\\\\\\]
canary should be 5 bytes, max
canaray=[\\\\\\\\\\\\\\\\\\\\\\\\\\\\\\\\\\\\\\\\\\\\\\\\\\\\\\\\\\\\\\\\\\\\\\\\\]
canary should be 5 bytes, max
canary=[\\\\\\\\\\\\\\\\\\\\\\\\\\\\\\\\\\\\\\\\\\\\\\\\\\\\\\\\\\\\\\\\\\\\\\\\\\ÿ¿tUB]
canary should be 5 bytes, max
canaray=[\\\\\\\\\\\\\\\\\\\\\\\\\\\\\\\\\\\\\\\\\\\\\\\\\\\\\\\\\\\\\\\\\\\\\\\\\\]
canary should be 5 bytes, max
canaray=[\\\\\\\\\\\\\\\\\\\\\\\\\\\\\\\\\\\\\\\\\\\\\\\\\\\\\\\\\\\\\\\\\\\\\\\\\\]
canary should be 5 bytes, max
canary=[\\\\\\\\\\\\\\\\\\\\\\\\\\\\\\\\\\\\\\\\\\\\\\\\\\\\\\\\\\\\\\\\\\\\\\\\\\\¿tUB]
canary should be 5 bytes, max
canaray=[\\\\\\\\\\\\\\\\\\\\\\\\\\\\\\\\\\\\\\\\\\\\\\\\\\\\\\\\\\\\\\\\\\\\\\\\\\\]
canary should be 5 bytes, max
canaray=[\\\\\\\\\\\\\\\\\\\\\\\\\\\\\\\\\\\\\\\\\\\\\\\\\\\\\\\\\\\\\\\\\\\\\\\\\\\]
canary should be 5 bytes, max
canary=[\\\\\\\\\\\\\\\\\\\\\\\\\\\\\\\\\\\\\\\\\\\\\\\\\\\\\\\\\\\\\\\\\\\\\\\\\\\\tUB]
canary should be 5 bytes, max
canaray=[\\\\\\\\\\\\\\\\\\\\\\\\\\\\\\\\\\\\\\\\\\\\\\\\\\\\\\\\\\\\\\\\\\\\\\\\\\\\]
canary should be 5 bytes, max
canaray=[\\\\\\\\\\\\\\\\\\\\\\\\\\\\\\\\\\\\\\\\\\\\\\\\\\\\\\\\\\\\\\\\\\\\\\\\\\\\]
canary should be 5 bytes, max
canary=[\\\\\\\\\\\\\\\\\\\\\\\\\\\\\\\\\\\\\\\\\\\\\\\\\\\\\\\\\\\\\\\\\\\\\\\\\\\\\UB]
canary should be 5 bytes, max
canaray=[\\\\\\\\\\\\\\\\\\\\\\\\\\\\\\\\\\\\\\\\\\\\\\\\\\\\\\\\\\\\\\\\\\\\\\\\\\\\\]
canary should be 5 bytes, max
canaray=[\\\\\\\\\\\\\\\\\\\\\\\\\\\\\\\\\\\\\\\\\\\\\\\\\\\\\\\\\\\\\\\\\\\\\\\\\\\\\]
canary should be 5 bytes, max
canary=[\\\\\\\\\\\\\\\\\\\\\\\\\\\\\\\\\\\\\\\\\\\\\\\\\\\\\\\\\\\\\\\\\\\\\\\\\\\\\\B]
canary should be 5 bytes, max
canaray=[\\\\\\\\\\\\\\\\\\\\\\\\\\\\\\\\\\\\\\\\\\\\\\\\\\\\\\\\\\\\\\\\\\\\\\\\\\\\\\]
canary should be 5 bytes, max
canaray=[\\\\\\\\\\\\\\\\\\\\\\\\\\\\\\\\\\\\\\\\\\\\\\\\\\\\\\\\\\\\\\\\\\\\\\\\\\\\\\]
canary should be 5 bytes, max
canary=[\\\\\\\\\\\\\\\\\\\\\\\\\\\\\\\\\\\\\\\\\\\\\\\\\\\\\\\\\\\\\\\\\\\\\\\\\\\\\\\B]
canary should be 5 bytes, max
canaray=[\\\\\\\\\\\\\\\\\\\\\\\\\\\\\\\\\\\\\\\\\\\\\\\\\\\\\\\\\\\\\\\\\\\\\\\\\\\\\\\]
canary should be 5 bytes, max
canaray=[\\\\\\\\\\\\\\\\\\\\\\\\\\\\\\\\\\\\\\\\\\\\\\\\\\\\\\\\\\\\\\\\\\\\\\\\\\\\\\\]
canary should be 5 bytes, max
canary=[\\\\\\\\\\\\\\\\\\\\\\\\\\\\\\\\\\\\\\\\\\\\\\\\\\\\\\\\\\\\\\\\\\\\\\\\\\\\\\\\]
canary should be 5 bytes, max
canaray=[\\\\\\\\\\\\\\\\\\\\\\\\\\\\\\\\\\\\\\\\\\\\\\\\\\\\\\\\\\\\\\\\\\\\\\\\\\\\\\\\]
canary should be 5 bytes, max
canaray=[\\\\\\\\\\\\\\\\\\\\\\\\\\\\\\\\\\\\\\\\\\\\\\\\\\\\\\\\\\\\\\\\\\\\\\\\\\\\\\\\]
canary should be 5 