obuf = cccccccccccccccccccccccccccccccccaaaaaaaaaaaaaaaa
canary should be GOOD
canary = GOOD
